// Jest Snapshot v1, https://goo.gl/fbAQLP

exports[`renders correctly 1`] = `
<button
  className="ant-btn ant-btn-primary login_button"
  onClick={[Function]}
  type="submit"
>
  <span>
    Register
  </span>
</button>
`;
