// Jest Snapshot v1, https://goo.gl/fbAQLP

exports[`renders correctly 1`] = `
<div
  className="background gradient register"
>
  <div
    className="ant-card ant-card-bordered loginCard"
    id="register_card"
  >
    <div
      className="ant-card-head"
      style={Object {}}
    >
      <div
        className="ant-card-head-wrapper"
      >
        <div
          className="ant-card-head-title"
        >
          Register
        </div>
      </div>
    </div>
    <div
      className="ant-card-body"
      style={Object {}}
    >
      <form
        onSubmit={[Function]}
      >
        <div
          className="ant-row ant-form-item"
          style={Object {}}
        >
          <div
            className="ant-col ant-form-item-label"
            style={Object {}}
          >
            <label
              className=""
              title="First Name"
            >
              First Name
            </label>
          </div>
          <div
            className="ant-col ant-form-item-control"
            style={Object {}}
          >
            <div
              className="ant-form-item-control-input"
            >
              <div
                className="ant-form-item-control-input-content"
              >
                <input
                  className="ant-input"
                  id="firstName"
                  name="firstName"
                  onBlur={[Function]}
                  onChange={[Function]}
                  onFocus={[Function]}
                  onKeyDown={[Function]}
                  placeholder="first name"
                  type="text"
                  value=""
                />
              </div>
            </div>
          </div>
        </div>
        <div
          className="ant-row ant-form-item"
          style={Object {}}
        >
          <div
            className="ant-col ant-form-item-label"
            style={Object {}}
          >
            <label
              className=""
              title="Last Name"
            >
              Last Name
            </label>
          </div>
          <div
            className="ant-col ant-form-item-control"
            style={Object {}}
          >
            <div
              className="ant-form-item-control-input"
            >
              <div
                className="ant-form-item-control-input-content"
              >
                <input
                  className="ant-input"
                  id="lastName"
                  name="lastName"
                  onBlur={[Function]}
                  onChange={[Function]}
                  onFocus={[Function]}
                  onKeyDown={[Function]}
                  placeholder="last name"
                  type="text"
                  value=""
                />
              </div>
            </div>
          </div>
        </div>
        <div
          className="ant-row ant-form-item"
          style={Object {}}
        >
          <div
            className="ant-col ant-form-item-label"
            style={Object {}}
          >
            <label
              className=""
              title="User name"
            >
              User name
            </label>
          </div>
          <div
            className="ant-col ant-form-item-control"
            style={Object {}}
          >
            <div
              className="ant-form-item-control-input"
            >
              <div
                className="ant-form-item-control-input-content"
              >
                <input
                  className="ant-input"
                  id="username"
                  name="username"
                  onBlur={[Function]}
                  onChange={[Function]}
                  onFocus={[Function]}
                  onKeyDown={[Function]}
                  placeholder="user name"
                  type="text"
                  value=""
                />
              </div>
            </div>
          </div>
        </div>
        <div
          className="ant-row ant-form-item"
          style={Object {}}
        >
          <div
            className="ant-col ant-form-item-label"
            style={Object {}}
          >
            <label
              className=""
              title="email"
            >
              email
            </label>
          </div>
          <div
            className="ant-col ant-form-item-control"
            style={Object {}}
          >
            <div
              className="ant-form-item-control-input"
            >
              <div
                className="ant-form-item-control-input-content"
              >
                <input
                  className="ant-input"
                  id="email"
                  name="email"
                  onBlur={[Function]}
                  onChange={[Function]}
                  onFocus={[Function]}
                  onKeyDown={[Function]}
                  placeholder="email"
                  type="email"
                  value=""
                />
              </div>
            </div>
          </div>
        </div>
        <div
          className="ant-row ant-form-item"
          style={Object {}}
        >
          <div
            className="ant-col ant-form-item-label"
            style={Object {}}
          >
            <label
              className=""
              title="password"
            >
              password
            </label>
          </div>
          <div
            className="ant-col ant-form-item-control"
            style={Object {}}
          >
            <div
              className="ant-form-item-control-input"
            >
              <div
                className="ant-form-item-control-input-content"
              >
                <span
                  className="ant-input-affix-wrapper ant-input-password"
                  onMouseUp={[Function]}
                >
                  <input
                    action="click"
                    className="ant-input"
                    id="password"
                    name="password"
                    onBlur={[Function]}
                    onChange={[Function]}
                    onFocus={[Function]}
                    onKeyDown={[Function]}
                    placeholder="Password"
                    style={null}
                    type="password"
                    value=""
                  />
                  <span
                    className="ant-input-suffix"
                  >
                    <span
                      aria-label="eye-invisible"
                      className="anticon anticon-eye-invisible ant-input-password-icon"
                      onClick={[Function]}
                      onMouseDown={[Function]}
                      onMouseUp={[Function]}
                      role="img"
                      tabIndex={-1}
                    >
                      <svg
                        aria-hidden="true"
                        data-icon="eye-invisible"
                        fill="currentColor"
                        focusable="false"
                        height="1em"
                        viewBox="64 64 896 896"
                        width="1em"
                      >
                        <path
                          d="M942.2 486.2Q889.47 375.11 816.7 305l-50.88 50.88C807.31 395.53 843.45 447.4 874.7 512 791.5 684.2 673.4 766 512 766q-72.67 0-133.87-22.38L323 798.75Q408 838 512 838q288.3 0 430.2-300.3a60.29 60.29 0 000-51.5zm-63.57-320.64L836 122.88a8 8 0 00-11.32 0L715.31 232.2Q624.86 186 512 186q-288.3 0-430.2 300.3a60.3 60.3 0 000 51.5q56.69 119.4 136.5 191.41L112.48 835a8 8 0 000 11.31L155.17 889a8 8 0 0011.31 0l712.15-712.12a8 8 0 000-11.32zM149.3 512C232.6 339.8 350.7 258 512 258c54.54 0 104.13 9.36 149.12 28.39l-70.3 70.3a176 176 0 00-238.13 238.13l-83.42 83.42C223.1 637.49 183.3 582.28 149.3 512zm246.7 0a112.11 112.11 0 01146.2-106.69L401.31 546.2A112 112 0 01396 512z"
                        />
                        <path
                          d="M508 624c-3.46 0-6.87-.16-10.25-.47l-52.82 52.82a176.09 176.09 0 00227.42-227.42l-52.82 52.82c.31 3.38.47 6.79.47 10.25a111.94 111.94 0 01-112 112z"
                        />
                      </svg>
                    </span>
                  </span>
                </span>
              </div>
            </div>
          </div>
        </div>
        <div
          className="ant-row ant-form-item"
          style={Object {}}
        >
          <div
            className="ant-col ant-form-item-label"
            style={Object {}}
          >
            <label
              className=""
              title="Confirm password"
            >
              Confirm password
            </label>
          </div>
          <div
            className="ant-col ant-form-item-control"
            style={Object {}}
          >
            <div
              className="ant-form-item-control-input"
            >
              <div
                className="ant-form-item-control-input-content"
              >
                <span
                  className="ant-input-affix-wrapper ant-input-password"
                  onMouseUp={[Function]}
                >
                  <input
                    action="click"
                    className="ant-input"
                    id="confirmedpassword"
                    name="confirmedpassword"
                    onBlur={[Function]}
                    onChange={[Function]}
                    onFocus={[Function]}
                    onKeyDown={[Function]}
                    placeholder="rewrite the password"
                    style={null}
                    type="password"
                    value=""
                  />
                  <span
                    className="ant-input-suffix"
                  >
                    <span
                      aria-label="eye-invisible"
                      className="anticon anticon-eye-invisible ant-input-password-icon"
                      onClick={[Function]}
                      onMouseDown={[Function]}
                      onMouseUp={[Function]}
                      role="img"
                      tabIndex={-1}
                    >
                      <svg
                        aria-hidden="true"
                        data-icon="eye-invisible"
                        fill="currentColor"
                        focusable="false"
                        height="1em"
                        viewBox="64 64 896 896"
                        width="1em"
                      >
                        <path
                          d="M942.2 486.2Q889.47 375.11 816.7 305l-50.88 50.88C807.31 395.53 843.45 447.4 874.7 512 791.5 684.2 673.4 766 512 766q-72.67 0-133.87-22.38L323 798.75Q408 838 512 838q288.3 0 430.2-300.3a60.29 60.29 0 000-51.5zm-63.57-320.64L836 122.88a8 8 0 00-11.32 0L715.31 232.2Q624.86 186 512 186q-288.3 0-430.2 300.3a60.3 60.3 0 000 51.5q56.69 119.4 136.5 191.41L112.48 835a8 8 0 000 11.31L155.17 889a8 8 0 0011.31 0l712.15-712.12a8 8 0 000-11.32zM149.3 512C232.6 339.8 350.7 258 512 258c54.54 0 104.13 9.36 149.12 28.39l-70.3 70.3a176 176 0 00-238.13 238.13l-83.42 83.42C223.1 637.49 183.3 582.28 149.3 512zm246.7 0a112.11 112.11 0 01146.2-106.69L401.31 546.2A112 112 0 01396 512z"
                        />
                        <path
                          d="M508 624c-3.46 0-6.87-.16-10.25-.47l-52.82 52.82a176.09 176.09 0 00227.42-227.42l-52.82 52.82c.31 3.38.47 6.79.47 10.25a111.94 111.94 0 01-112 112z"
                        />
                      </svg>
                    </span>
                  </span>
                </span>
              </div>
            </div>
          </div>
        </div>
        <div
          className="ant-row ant-form-item"
          style={Object {}}
        >
          <div
            className="ant-col ant-form-item-control"
            style={Object {}}
          >
            <div
              className="ant-form-item-control-input"
            >
              <div
                className="ant-form-item-control-input-content"
              >
                <button
                  className="ant-btn ant-btn-primary login_button"
                  onClick={[Function]}
                  type="submit"
                >
                  <span>
                    Register
                  </span>
                </button>
              </div>
            </div>
          </div>
        </div>
        <div
          className="ant-divider ant-divider-horizontal ant-divider-with-text ant-divider-with-text-center or_divider"
          role="separator"
        >
          <span
            className="ant-divider-inner-text"
          >
            OR
          </span>
        </div>
        <div
          className="ant-row ant-form-item"
          style={Object {}}
        >
          <div
            className="ant-col ant-form-item-control"
            style={Object {}}
          >
            <div
              className="ant-form-item-control-input"
            >
              <div
                className="ant-form-item-control-input-content"
              >
                Already have an account?
                <a
                  href="/login"
                  onClick={[Function]}
                >
                  <a
                    className="register_link"
                    href="#"
                  >
                    login
                  </a>
                </a>
              </div>
            </div>
          </div>
        </div>
      </form>
    </div>
  </div>
</div>
`;
