// Jest Snapshot v1, https://goo.gl/fbAQLP

exports[`renders correctly 1`] = `
<section
  className="ant-layout bodyDiv"
>
  <div
    className="header white-background"
  />
  <main
    className="ant-layout-content outer-container"
    id="settings-container"
    style={
      Object {
        "margin": "0",
        "minHeight": "100vh",
      }
    }
  >
    <div
      className="ant-row row"
      style={Object {}}
    >
      <div
        className="ant-col left-column"
        style={
          Object {
            "flex": "0 0 200px",
            "padding": "30px 20px",
          }
        }
      >
        <div
          className="option"
          id="Profile"
          onClick={[Function]}
        >
          Profile
        </div>
        <div
          className="ant-divider ant-divider-horizontal"
          role="separator"
        />
        <div
          className="option"
          id="Account"
          onClick={[Function]}
        >
          Account
        </div>
      </div>
      <div
        className="ant-col right-column"
        style={
          Object {
            "backgroundColor": "#eff0f0",
            "flex": "auto",
            "padding": "0 0px 30px 0",
          }
        }
      >
        <div
          className="top-padding"
        >
          <span
            aria-label="close-circle"
            className="anticon anticon-close-circle back-button"
            onClick={[Function]}
            role="img"
            tabIndex={-1}
          >
            <svg
              aria-hidden="true"
              data-icon="close-circle"
              fill="currentColor"
              focusable="false"
              height="1em"
              viewBox="64 64 896 896"
              width="1em"
            >
              <path
                d="M512 64C264.6 64 64 264.6 64 512s200.6 448 448 448 448-200.6 448-448S759.4 64 512 64zm0 820c-205.4 0-372-166.6-372-372s166.6-372 372-372 372 166.6 372 372-166.6 372-372 372z"
                fill="#1890ff"
              />
              <path
                d="M512 140c-205.4 0-372 166.6-372 372s166.6 372 372 372 372-166.6 372-372-166.6-372-372-372zm171.8 527.1c1.2 1.5 1.9 3.3 1.9 5.2 0 4.5-3.6 8-8 8l-66-.3-99.3-118.4-99.3 118.5-66.1.3c-4.4 0-8-3.6-8-8 0-1.9.7-3.7 1.9-5.2L471 512.3l-130.1-155a8.32 8.32 0 01-1.9-5.2c0-4.5 3.6-8 8-8l66.1.3 99.3 118.4 99.4-118.5 66-.3c4.4 0 8 3.6 8 8 0 1.9-.6 3.8-1.8 5.2l-130.1 155 129.9 154.9z"
                fill="#e6f7ff"
              />
              <path
                d="M685.8 352c0-4.4-3.6-8-8-8l-66 .3-99.4 118.5-99.3-118.4-66.1-.3c-4.4 0-8 3.5-8 8 0 1.9.7 3.7 1.9 5.2l130.1 155-130.1 154.9a8.32 8.32 0 00-1.9 5.2c0 4.4 3.6 8 8 8l66.1-.3 99.3-118.5L611.7 680l66 .3c4.4 0 8-3.5 8-8 0-1.9-.7-3.7-1.9-5.2L553.9 512.2l130.1-155c1.2-1.4 1.8-3.3 1.8-5.2z"
                fill="#1890ff"
              />
            </svg>
          </span>
        </div>
      </div>
    </div>
  </main>
</section>
`;
